INFO  Diffblue Cover 2025.12.02-74144f0-licensed
INFO  
INFO  Command: create
INFO  Create tests for the specified package/class/method.
INFO  
INFO  Discovered modules:
INFO  - cn.keking:kkFileView
INFO  
INFO  
INFO  [1/1] Creating tests for module: cn.keking:kkFileView
INFO  =====================================================
INFO  
INFO  Detecting environment:
INFO  ----------------------
INFO  Detected Java version 1.8.0_472
INFO  Selected build system: Maven
INFO  Selected classpath from build system maven
INFO  Selected test framework: JUnit Jupiter API
INFO  Selected Java language compliance level: 1.8
INFO  Selected test validation: enabled
INFO  Selected active Spring profile(s): "test"
INFO  Prefixes for filtering classes/methods:
INFO  - cn.keking
INFO  - cn.keking.config
INFO  - cn.keking.model
INFO  - cn.keking.service
INFO  - cn.keking.service.cache
INFO  - cn.keking.service.cache.impl
INFO  - cn.keking.service.impl
INFO  - cn.keking.utils
INFO  - cn.keking.web.controller
INFO  - cn.keking.web.filter
INFO  Gathering methods to test...
INFO  Found 590 callable methods in 71 classes
INFO  
INFO  Creating tests:
INFO  ---------------
INFO   [1/71] cn.keking.ServerMain
INFO   [1/71]   Tests created: 0
INFO   [2/71] cn.keking.config.ConfigConstants
INFO   [2/71]   Tests created: 1
INFO   [3/71] cn.keking.config.ConfigRefreshComponent
INFO   [3/71]   Tests created: 0
INFO   [4/71] cn.keking.config.ConfigRefreshComponent$ConfigRefreshThread
INFO   [4/71]   Tests created: 0
INFO   [5/71] cn.keking.config.RedissonConfig
INFO   [5/71]   Tests created: 5
INFO   [6/71] cn.keking.config.SchedulerCleanConfig
INFO   [6/71]   Tests created: 1
INFO   [7/71] cn.keking.config.WatermarkConfigConstants
INFO   [7/71]   Tests created: 0
INFO   [8/71] cn.keking.config.WebConfig
INFO   [8/71]   Tests created: 6
INFO   [9/71] cn.keking.model.FileAttribute
INFO   [9/71]   Tests created: 2
INFO  [10/71] cn.keking.model.FileType
INFO  [10/71]   Tests created: 2
INFO  [11/71] cn.keking.model.ReturnResponse
INFO  [11/71]   Tests created: 9
INFO  [12/71] cn.keking.service.CompressFileReader
INFO  [12/71]   Tests created: 0
INFO  [13/71] cn.keking.service.FileHandlerService
INFO  [13/71]   Tests created: 27
INFO  [14/71] cn.keking.service.FilePreviewFactory
INFO  [14/71]   Tests created: 1
INFO  [15/71] cn.keking.service.OfficePluginManager
INFO  [15/71]   Tests created: 1
INFO  [16/71] cn.keking.service.ZtreeNodeVo
INFO  [16/71]   Tests created: 1
INFO  [17/71] cn.keking.service.cache.NotResourceCache
INFO  [17/71]   Tests created: 0
INFO  [18/71] cn.keking.service.cache.impl.CacheServiceJDKImpl
INFO  [18/71]   Tests created: 2
INFO  [19/71] cn.keking.service.cache.impl.CacheServiceRedisImpl
INFO  [19/71]   Tests created: 0
INFO  [20/71] cn.keking.service.cache.impl.CacheServiceRocksDBImpl
INFO  [20/71]   Tests created: 0
INFO  [21/71] cn.keking.service.impl.BpmnFilePreviewImpl
INFO  [21/71]   Tests created: 4
INFO  [22/71] cn.keking.service.impl.CadFilePreviewImpl
INFO  [22/71]   Tests created: 1
INFO  [23/71] cn.keking.service.impl.CodeFilePreviewImpl
INFO  [23/71]   Tests created: 1
INFO  [24/71] cn.keking.service.impl.CommonPreviewImpl
INFO  [24/71]   Tests created: 5
INFO  [25/71] cn.keking.service.impl.CompressFilePreviewImpl
INFO  [25/71]   Tests created: 3
INFO  [26/71] cn.keking.service.impl.DcmFilePreviewImpl
INFO  [26/71]   Tests created: 4
INFO  [27/71] cn.keking.service.impl.DrawioFilePreviewImpl
INFO  [27/71]   Tests created: 4
INFO  [28/71] cn.keking.service.impl.EmlFilePreviewImpl
INFO  [28/71]   Tests created: 4
INFO  [29/71] cn.keking.service.impl.EpubFilePreviewImpl
INFO  [29/71]   Tests created: 4
INFO  [30/71] cn.keking.service.impl.MarkdownFilePreviewImpl
INFO  [30/71]   Tests created: 1
INFO  [31/71] cn.keking.service.impl.MediaFilePreviewImpl
INFO  [31/71]   Tests created: 5
INFO  [32/71] cn.keking.service.impl.OfdFilePreviewImpl
INFO  [32/71]   Tests created: 4
INFO  [33/71] cn.keking.service.impl.OfficeFilePreviewImpl
INFO  [33/71]   Tests created: 1
INFO  [34/71] cn.keking.service.impl.Online3DFilePreviewImpl
INFO  [34/71]   Tests created: 4
INFO  [35/71] cn.keking.service.impl.OtherFilePreviewImpl
INFO  [35/71]   Tests created: 8
INFO  [36/71] cn.keking.service.impl.PdfFilePreviewImpl
INFO  [36/71]   Tests created: 4
INFO  [37/71] cn.keking.service.impl.PictureFilePreviewImpl
INFO  [37/71]   Tests created: 3
INFO  [38/71] cn.keking.service.impl.SimTextFilePreviewImpl
INFO  [38/71]   Tests created: 1
INFO  [39/71] cn.keking.service.impl.SvgFilePreviewImpl
INFO  [39/71]   Tests created: 4
INFO  [40/71] cn.keking.service.impl.TiffFilePreviewImpl
INFO  [40/71]   Tests created: 2
INFO  [41/71] cn.keking.service.impl.XmindFilePreviewImpl
INFO  [41/71]   Tests created: 4
INFO  [42/71] cn.keking.service.impl.XmlFilePreviewImpl
INFO  [42/71]   Tests created: 1
INFO  [43/71] cn.keking.utils.BytesEncodingDetect
INFO  [43/71]   Tests created: 0
INFO  [44/71] cn.keking.utils.CaptchaUtil
INFO  [44/71]   Tests created: 1
INFO  [45/71] cn.keking.utils.ConfigUtils
INFO  [45/71]   Tests created: 3
INFO  [46/71] cn.keking.utils.ConvertPicUtil
INFO  [46/71]   Tests created: 4
INFO  [47/71] cn.keking.utils.DateUtils
INFO  [47/71]   Tests created: 2
INFO  [48/71] cn.keking.utils.DownloadUtils
INFO  [48/71]   Tests created: 0
INFO  [49/71] cn.keking.utils.Encoding
INFO  [49/71]   Tests created: 0
INFO  [50/71] cn.keking.utils.EncodingDetects
INFO  [50/71]   Tests created: 2
INFO  [51/71] cn.keking.utils.FileHeaderRar
INFO  [51/71]   Tests created: 1
INFO  [52/71] cn.keking.utils.FtpUtils
INFO  [52/71]   Tests created: 0
INFO  [53/71] cn.keking.utils.KkFileUtils
INFO  [53/71]   Tests created: 24
INFO  [54/71] cn.keking.utils.LocalOfficeUtils
INFO  [54/71]   Tests created: 1
INFO  [55/71] cn.keking.utils.OfficeUtils
INFO  [55/71]   Tests created: 7
INFO  [56/71] cn.keking.utils.RarUtils
INFO  [56/71]   Tests created: 18
INFO  [57/71] cn.keking.utils.SimpleEncodingDetects
INFO  [57/71]   Tests created: 1
INFO  [58/71] cn.keking.utils.SslUtils
INFO  [58/71]   Tests created: 0
INFO  [59/71] cn.keking.utils.SslUtils$miTM
INFO  [59/71]   Tests created: 1
INFO  [60/71] cn.keking.utils.UrlEncoderUtils
INFO  [60/71]   Tests created: 2
INFO  [61/71] cn.keking.utils.WebUtils
INFO  [61/71]   Tests created: 262
INFO  [62/71] cn.keking.web.controller.FileController
INFO  [62/71]   Tests created: 3
INFO  [63/71] cn.keking.web.controller.IndexController
INFO  [63/71]   Tests created: 5
INFO  [64/71] cn.keking.web.controller.OnlinePreviewController
INFO  [64/71]   Tests created: 11
INFO  [65/71] cn.keking.web.filter.AttributeSetFilter
INFO  [65/71]   Tests created: 2
INFO  [66/71] cn.keking.web.filter.BaseUrlFilter
INFO  [66/71]   Tests created: 2
INFO  [67/71] cn.keking.web.filter.ChinesePathFilter
INFO  [67/71]   Tests created: 2
INFO  [68/71] cn.keking.web.filter.SecurityFilterProxy
INFO  [68/71]   Tests created: 2
INFO  [69/71] cn.keking.web.filter.TrustDirFilter
INFO  [69/71]   Tests created: 4
INFO  [70/71] cn.keking.web.filter.TrustHostFilter
INFO  [70/71]   Tests created: 3
INFO  [71/71] cn.keking.web.filter.UrlCheckFilter
INFO  [71/71]   Tests created: 2
INFO  
INFO  Test creation summary for module: cn.keking:kkFileView
INFO  ------------------------------------------------------
INFO  Total:                                             590 methods
INFO  495 tests created for:                             227 methods
INFO  
INFO  Tested indirectly via other methods:                53 methods
INFO     53 T005: Trivial constructor
INFO  Not unit-testable:                                   2 methods
INFO      1 T006: Main method
INFO      1 T007: Framework configuration callback
INFO  No tests created for:                              306 methods
INFO     29 R027: Missing beans when creating Spring context
INFO     24 R002: Missing observers
INFO     21 R011: Sandboxing policy violation
INFO      7 R013: No inputs found that don't throw a trivial exception
INFO      4 R081: Exception in arrange section
INFO      2 R031: Method may be time-sensitive
INFO      1 R026: Failed to create Spring context
INFO  
INFO  Running validation command.
INFO  This can take a couple of minutes.
INFO  Test execution failed, analyzing...
INFO  13 individual tests did not pass and were removed.
INFO    
INFO  Number of tests discarded during validation since they didn't compile, run or pass
INFO    1 for cn.keking.config.ConfigConstants.maxSize
INFO    3 for cn.keking.service.impl.CompressFilePreviewImpl.filePreviewHandle
INFO    1 for cn.keking.service.impl.OfficeFilePreviewImpl.filePreviewHandle
INFO    1 for cn.keking.service.impl.PdfFilePreviewImpl.filePreviewHandle
INFO    1 for cn.keking.service.impl.SimTextFilePreviewImpl.filePreviewHandle
INFO    1 for cn.keking.utils.CaptchaUtil.generateCaptchaPic
INFO    1 for cn.keking.utils.ConfigUtils.getCustomizedConfigPath
INFO    1 for cn.keking.utils.ConfigUtils.getHomePath
INFO    1 for cn.keking.utils.ConfigUtils.getUserDir
INFO    1 for cn.keking.utils.RarUtils.getTree
INFO    1 for cn.keking.web.controller.FileController.directory
INFO  To skip discarding these tests please re-run DCover with --skip-test-validation
INFO  Test validation was able to validate 482 out of 495 complete tests, the remainder were discarded.
INFO  Refactorings have been generated - run `dcover refactor` to apply them
INFO  Calculating coverage from Diffblue tests.
INFO  JaCoCo report file created in /home/ubuntu/kkFileView/server/.diffblue/reports/diffblue-tests-jacoco-report.xml
INFO  Calculating coverage from manual tests.
INFO  JaCoCo report file created in /home/ubuntu/kkFileView/server/.diffblue/reports/manual-tests-jacoco-report.xml
INFO  
INFO  Diffblue tests cover 4776 of 6974 lines to cover (68.5%)
INFO  Manual tests cover 8 of 6974 lines to cover (0.1%)
INFO  Writing JSON report to /home/ubuntu/kkFileView/server/.diffblue/reports/report.json
INFO  
INFO  Log file: /home/ubuntu/kkFileView/.diffblue/log/user-20260116T145121.log
INFO  Finished in 21m 50s
