INFO  Diffblue Cover 2026.01.01-SNAPSHOT-acf7615-local
INFO  
INFO  Command: issues
INFO  Output a prioritized list of issues.
INFO  
INFO  Discovered modules:
INFO  - cn.keking:kkFileView
INFO  
INFO  
INFO  [1/1] Diagnosing issues for module: cn.keking:kkFileView
INFO  ========================================================
INFO  
INFO  Detected Java version 1.8.0_472
INFO  Selected build system: Maven
INFO  Selected classpath from build system maven
INFO  Reading report file '/home/ubuntu/kkFileView/server/.diffblue/reports/report.json'
INFO  Copied report file to '/home/ubuntu/kkFileView/server/.diffblue/reports/report-20260116T111526.json'
INFO  
INFO  R005: Unable to load class
INFO  Issues: 1
INFO  Affected methods: 210
INFO  
INFO  R013: No inputs found that don't throw a trivial exception
INFO  Issues: 7
INFO  Affected methods: 7
INFO  
INFO  R002: Missing observers
INFO  Issues: 1
INFO  Affected methods: 7
INFO  
INFO  R026: Failed to create Spring context
INFO  Issues: 1
INFO  Affected methods: 1
INFO  
INFO  R027: Missing beans when creating Spring context
INFO  Issues: 29
INFO  Affected methods: 29
INFO  
INFO  R081: Exception in arrange section
INFO  Issues: 1
INFO  Affected methods: 4
INFO  
INFO  R011: Sandboxing policy violation
INFO  Issues: 1
INFO  Affected methods: 19
INFO  
INFO  41 issues were found, rerun with --prompts to list with actionable advice
INFO  Rerun with --prompts --limit 10 --skip 10 to restrict which issues are displayed
INFO  
INFO  Log file: /home/ubuntu/kkFileView/.diffblue/log/user-20260116T113942.log
INFO  Finished in 4s
